[lemorecp.vercel.app/lemorehotels.com/index.html]
[backblue.gif]
[fade.gif]
[index.html]
[lemorecp.vercel.app/lemorehotels.com/wp-content/uploads/2023/07/lemore-favicon-32x32-1.png]
[lemorecp.vercel.app/lemorehotels.com/wp-content/uploads/2023/07/lemore-favicon-192x192-1.png]
[lemorecp.vercel.app/lemorehotels.com/wp-content/uploads/2023/07/lemore-favicon-180x180-1.png]
[lemorecp.vercel.app/lemorehotels.com/wp-includes/css/dist/block-library/style.min072b072b.css]
[lemorecp.vercel.app/lemorehotels.com/wp-content/themes/letoh/assets/js/bootstrap.bundle.min072b072b.js]
[lemorecp.vercel.app/lemorehotels.com/wp-content/themes/letoh/assets/js/letoh.bundle.min072b072b.js]
[lemorecp.vercel.app/lemorehotels.com/index.html]
[lemorecp.vercel.app/lemorehotels.com/wp-content/uploads/2023/07/lemore-favicon-270x270-1.html]
[lemorecp.vercel.app/lemorehotels.com/en/index.html]
[lemorecp.vercel.app/lemorehotels.com/wp-includes/css/dist/block-library/style.min072b072b.css]
[lemorecp.vercel.app/lemorehotels.com/wp-content/themes/letoh/style072b072b.html]
[lemorecp.vercel.app/lemorehotels.com/wp-content/themes/letoh/assets/js/jquery.min072b072b.html]
[lemorecp.vercel.app/lemorehotels.com/wp-content/themes/letoh/assets/js/active072b072b.html]
