[lemorehotels.com/index.html]
[backblue.gif]
[fade.gif]
[index.html]
[lemorehotels.com/wp-content/uploads/2023/07/lemore-favicon-32x32-1.png]
[lemorehotels.com/wp-content/uploads/2023/07/lemore-favicon-192x192-1.png]
[lemorehotels.com/wp-content/uploads/2023/07/lemore-favicon-180x180-1.png]
[lemorehotels.com/wp-content/uploads/2023/07/lemore-favicon-270x270-1.png]
[lemorehotels.com/wp-includes/css/dist/block-library/style.min072b.css]
[lemorehotels.com/wp-content/themes/letoh/style072b.css]
[lemorehotels.com/wp-content/themes/letoh/assets/js/jquery.min072b.js]
[lemorehotels.com/wp-content/themes/letoh/assets/js/bootstrap.bundle.min072b.js]
[lemorehotels.com/wp-content/themes/letoh/assets/js/letoh.bundle.min072b.js]
[lemorehotels.com/wp-content/themes/letoh/assets/js/active072b.js]
[lemorehotels.com/en/index.html]
[lemorehotels.com/xmlrpc0db0.php]
[lemorehotels.com/wp-json/index.html]
[lemorehotels.com/wp-content/uploads/2023/07/lemore-main-logo.png]
[lemorehotels.com/booking/index806d.html]
[lemorehotels.com/booking/index1932.html]
[lemorehotels.com/wp-content/uploads/letoh_default/cta/1.jpg]
[lemorehotels.com/wp-content/uploads/letoh_default/gallery/1.jpg]
[lemorehotels.com/booking/indexefba.html]
[lemorehotels.com/wp-content/uploads/letoh_default/gallery/2.jpg]
[lemorehotels.com/wp-content/uploads/letoh_default/gallery/3.jpg]
[lemorehotels.com/wp-content/uploads/letoh_default/gallery/4.jpg]
[lemorehotels.com/2025/06/07/chao-don-say-hi-nha-trang-2025-su-kien-giao-luu-van-hoa-du-lich-day-soi-dong/index.html]
[lemorehotels.com/wp-content/uploads/letoh_default/gallery/5.jpg]
[lemorehotels.com/wp-content/uploads/letoh_default/gallery/6.jpg]
[lemorehotels.com/wp-content/uploads/letoh_default/gallery/7.jpg]
[lemorehotels.com/wp-content/uploads/letoh_default/gallery/8.jpg]
[lemorehotels.com/wp-content/uploads/letoh_default/gallery/9.jpg]
[lemorehotels.com/2025/05/31/le-hoi-van-hoa-du-lich-bien-nam-2025/index.html]
[lemorehotels.com/wp-content/uploads/letoh_default/gallery/10.jpg]
[lemorehotels.com/wp-content/uploads/letoh_default/gallery/11.jpg]
[lemorehotels.com/wp-content/uploads/letoh_default/gallery/12.jpg]
[lemorehotels.com/wp-content/uploads/letoh_default/gallery/13.jpg]
[lemorehotels.com/wp-content/uploads/letoh_default/gallery/14.jpg]
[lemorehotels.com/2025/03/13/festival-bien-nha-trang-khanh-hoa-2025-ton-vinh-khong-gian-di-san-van-hoa-bien-dao-2/index.html]
[lemorehotels.com/wp-content/uploads/letoh_default/gallery/15.jpg]
[lemorehotels.com/wp-content/uploads/letoh_default/gallery/16.jpg]
[lemorehotels.com/wp-content/uploads/letoh_default/gallery/17.jpg]
[lemorehotels.com/2025/03/10/festival-bien-nha-trang-khanh-hoa-2025-ton-vinh-khong-gian-di-san-van-hoa-bien-dao/index.html]
[lemorehotels.com/wp-content/uploads/letoh_default/gallery/18.jpg]
[lemorehotels.com/wp-content/uploads/letoh_default/gallery/19.jpg]
[lemorehotels.com/wp-content/uploads/letoh_default/gallery/20.jpg]
[lemorehotels.com/wp-content/uploads/letoh_default/gallery/21.jpg]
[lemorehotels.com/wp-content/uploads/letoh_default/gallery/22.jpg]
[lemorehotels.com/wp-content/uploads/letoh_default/gallery/23.jpg]
[lemorehotels.com/wp-content/uploads/letoh_default/gallery/24.jpg]
[lemorehotels.com/wp-content/themes/letoh/assets/img/custom-icons/zalo.png]
[lemorehotels.com/index.html]
[lemorehotels.com/en/booking/index806d.html]
[lemorehotels.com/en/booking/index1932.html]
[lemorehotels.com/en/index.html]
[lemorehotels.com/wp-includes/css/dist/block-library/style.min072b.css]
[lemorehotels.com/wp-content/themes/letoh/assets/css/bootstrap.min.css]
[lemorehotels.com/wp-content/themes/letoh/assets/css/animate.min.css]
[lemorehotels.com/wp-content/themes/letoh/assets/css/classy-nav.min.css]
[lemorehotels.com/en/booking/indexefba.html]
[lemorehotels.com/wp-content/themes/letoh/assets/css/owl.carousel.min.css]
[lemorehotels.com/wp-content/themes/letoh/assets/css/nice-select.min.css]
[lemorehotels.com/wp-content/themes/letoh/assets/css/font-awesome.min.css]
[lemorehotels.com/wp-content/themes/letoh/assets/css/lightbox.min.css]
[lemorehotels.com/wp-content/themes/letoh/style072b.css]
[lemorehotels.com/window.location.html]
[lemorehotels.com/wp-json/wp/v2/pages/14.json]
[lemorehotels.com/booking/index.html]
[lemorehotels.com/en/booking/index.html]
[lemorehotels.com/wp-json/oembed/1.0/embed4684.json]
[lemorehotels.com/wp-json/oembed/1.0/embed0f8b]
[lemorehotels.com/booking/index806d.html]
[lemorehotels.com/booking/index1932.html]
[lemorehotels.com/booking/indexefba.html]
[lemorehotels.com/wp-json/wp/v2/posts/229.json]
[lemorehotels.com/2025/06/07/chao-don-say-hi-nha-trang-2025-su-kien-giao-luu-van-hoa-du-lich-day-soi-dong/feed/index.html]
[lemorehotels.com/wp-json/oembed/1.0/embed8a40.json]
[lemorehotels.com/wp-json/oembed/1.0/embed10b8]
[lemorehotels.com/2025/06/07/chao-don-say-hi-nha-trang-2025-su-kien-giao-luu-van-hoa-du-lich-day-soi-dong/index.html]
[lemorehotels.com/wp-json/wp/v2/posts/223.json]
[lemorehotels.com/2025/01/28/thu-chuc-mung-nam-moi-2025/index.html]
[lemorehotels.com/2025/05/31/le-hoi-van-hoa-du-lich-bien-nam-2025/feed/index.html]
[lemorehotels.com/wp-json/oembed/1.0/embed648e.json]
[lemorehotels.com/wp-json/oembed/1.0/embed150d]
[lemorehotels.com/wp-content/uploads/2025/05/z6655288596426_35384011409077a8d067447cdbfefaa2.jpg]
[lemorehotels.com/wp-content/uploads/2025/05/z6655288602538_5738e8851a55222f330501d69ce50ae4-2.jpg]
[lemorehotels.com/2025/05/31/le-hoi-van-hoa-du-lich-bien-nam-2025/index.html]
[lemorehotels.com/wp-json/wp/v2/posts/219.json]
[lemorehotels.com/2025/03/13/festival-bien-nha-trang-khanh-hoa-2025-ton-vinh-khong-gian-di-san-van-hoa-bien-dao-2/feed/index.html]
[lemorehotels.com/wp-json/oembed/1.0/embedb721.json]
[lemorehotels.com/wp-json/oembed/1.0/embed83b7]
[lemorehotels.com/wp-content/uploads/2025/03/480945213_1159813599487277_2396647923037593274_n-2.jpg]
[lemorehotels.com/2025/03/13/festival-bien-nha-trang-khanh-hoa-2025-ton-vinh-khong-gian-di-san-van-hoa-bien-dao-2/index.html]
[lemorehotels.com/wp-json/wp/v2/posts/210.json]
[lemorehotels.com/2025/03/10/festival-bien-nha-trang-khanh-hoa-2025-ton-vinh-khong-gian-di-san-van-hoa-bien-dao/feed/index.html]
[lemorehotels.com/wp-json/oembed/1.0/embed7724.json]
[lemorehotels.com/wp-json/oembed/1.0/embedac3e]
[static.xx.fbcdn.net/images/emoji.php/v9/t51/1/16/1f449.png]
[lemorehotels.com/wp-content/uploads/2025/03/480945213_1159813599487277_2396647923037593274_n-1.jpg]
[lemorehotels.com/wp-content/uploads/2025/03/481248001_1159814696153834_8227868397125187310_n-1.jpg]
[lemorehotels.com/2025/03/10/festival-bien-nha-trang-khanh-hoa-2025-ton-vinh-khong-gian-di-san-van-hoa-bien-dao/index.html]
[lemorehotels.com/en/window.location.html]
[lemorehotels.com/wp-json/wp/v2/pages/99.json]
[lemorehotels.com/wp-json/oembed/1.0/embed26fe.json]
[lemorehotels.com/wp-json/oembed/1.0/embed7e40]
[lemorehotels.com/en/booking/index806d.html]
[lemorehotels.com/en/booking/index1932.html]
[lemorehotels.com/en/booking/indexefba.html]
[lemorehotels.com/wp-content/themes/letoh/assets/css/bootstrap.min.css]
[lemorehotels.com/wp-content/themes/letoh/assets/css/animate.min.css]
[lemorehotels.com/wp-content/themes/letoh/assets/fonts/classy-fontscb9b.eot]
[lemorehotels.com/wp-content/themes/letoh/assets/fonts/classy-fontscb9b.ttf]
[lemorehotels.com/wp-content/themes/letoh/assets/fonts/classy-fontscb9b.woff]
[lemorehotels.com/wp-content/themes/letoh/assets/css/classy-nav.min.css]
[lemorehotels.com/wp-content/themes/letoh/assets/fonts/classy-fontscb9b.svg]
[lemorehotels.com/wp-content/themes/letoh/assets/css/owl.carousel.min.css]
[lemorehotels.com/wp-content/themes/letoh/assets/css/nice-select.min.css]
[lemorehotels.com/wp-content/themes/letoh/assets/fonts/fa-brands-400.woff2]
[lemorehotels.com/wp-content/themes/letoh/assets/fonts/fa-brands-400.ttf]
[lemorehotels.com/wp-content/themes/letoh/assets/fonts/fa-regular-400.woff2]
[lemorehotels.com/wp-content/themes/letoh/assets/fonts/fa-regular-400.ttf]
[lemorehotels.com/wp-content/themes/letoh/assets/fonts/fa-solid-900.woff2]
[lemorehotels.com/wp-content/themes/letoh/assets/fonts/fa-solid-900.ttf]
[lemorehotels.com/wp-content/themes/letoh/assets/fonts/fa-v4compatibility.woff2]
[lemorehotels.com/wp-content/themes/letoh/assets/fonts/fa-v4compatibility.ttf]
[lemorehotels.com/wp-content/themes/letoh/assets/css/font-awesome.min.css]
[lemorehotels.com/wp-content/themes/letoh/assets/img/lightbox/loading.gif]
[lemorehotels.com/wp-content/themes/letoh/assets/css/lightbox.min.css]
[lemorehotels.com/booking/index.html]
[lemorehotels.com/en/booking/index.html]
[lemorehotels.com/index0b69.html]
[lemorehotels.com/booking/window.location.html]
[lemorehotels.com/index4580.html]
[lemorehotels.com/2025/06/07/chao-don-say-hi-nha-trang-2025-su-kien-giao-luu-van-hoa-du-lich-day-soi-dong/window.location.html]
[lemorehotels.com/wp-json/wp/v2/posts/205.json]
[lemorehotels.com/2025/01/28/thu-chuc-mung-nam-moi-2025/feed/index.html]
[lemorehotels.com/wp-json/oembed/1.0/embede08f.json]
[lemorehotels.com/wp-json/oembed/1.0/embed219d]
[lemorehotels.com/wp-content/uploads/2025/01/thiep-tet-1.jpg]
[lemorehotels.com/2025/01/28/thu-chuc-mung-nam-moi-2025/index.html]
[lemorehotels.com/indexd027.html]
[lemorehotels.com/2025/05/31/le-hoi-van-hoa-du-lich-bien-nam-2025/window.location.html]
[lemorehotels.com/index50f6.html]
[lemorehotels.com/2025/03/13/festival-bien-nha-trang-khanh-hoa-2025-ton-vinh-khong-gian-di-san-van-hoa-bien-dao-2/window.location.html]
[lemorehotels.com/indexe4c6.html]
[lemorehotels.com/2025/03/10/festival-bien-nha-trang-khanh-hoa-2025-ton-vinh-khong-gian-di-san-van-hoa-bien-dao/window.location.html]
[lemorehotels.com/index5401.html]
[lemorehotels.com/en/booking/window.location.html]
[lemorehotels.com/wp-content/themes/letoh/assets/fonts/classy-fontscb9b.svg]
[lemorehotels.com/wp-content/themes/letoh/assets/css/owl.video.play.html]
[lemorehotels.com/indexc140.html]
[lemorehotels.com/2025/01/28/thu-chuc-mung-nam-moi-2025/window.location.html]
